// Jest Snapshot v1, https://goo.gl/fbAQLP

exports[`PageCV component should render 1`] = `
.c3 {
  margin: 2rem 0 0;
}

.c6 {
  -webkit-align-items: center;
  -webkit-box-align: center;
  -ms-flex-align: center;
  align-items: center;
  display: -webkit-box;
  display: -webkit-flex;
  display: -ms-flexbox;
  display: flex;
  -webkit-box-pack: justify;
  -webkit-justify-content: space-between;
  -ms-flex-pack: justify;
  justify-content: space-between;
  margin: 1rem 0 0;
}

.c4 {
  cursor: pointer;
}

.c5 {
  display: block;
  margin: 0 auto;
  height: 75px;
  width: auto;
}

.c7 {
  font-weight: 600;
  font-size: 1.125rem;
  margin: 0;
}

.c8 {
  font-style: italic;
}

.c9 {
  display: -webkit-box;
  display: -webkit-flex;
  display: -ms-flexbox;
  display: flex;
  -webkit-flex-wrap: wrap;
  -ms-flex-wrap: wrap;
  flex-wrap: wrap;
  list-style: none;
  -webkit-box-pack: center;
  -webkit-justify-content: center;
  -ms-flex-pack: center;
  justify-content: center;
  padding: 0;
}

.c10 {
  background-color: #fbce63;
  border-radius: 5px;
  font-size: 12px;
  padding: 0.25rem 0.5rem;
  margin: 0 0 0.5rem 0.5rem;
}

.c0 {
  margin: 0 auto;
  max-width: 600px;
}

.c1 {
  font-family: 'Merriweather',serif;
}

.c2 {
  list-style: none;
  padding: 0;
}

.c12 {
  font-style: italic;
}

.c11 {
  -webkit-align-items: center;
  -webkit-box-align: center;
  -ms-flex-align: center;
  align-items: center;
  display: -webkit-box;
  display: -webkit-flex;
  display: -ms-flexbox;
  display: flex;
  -webkit-flex-direction: column;
  -ms-flex-direction: column;
  flex-direction: column;
  margin: 2rem 0 1rem;
}

.c13 {
  margin: 0.5rem 0 0;
}

.c14 {
  width: 125px;
}

@media (min-width:500px) {
  .c13 {
    margin-top: 1rem;
  }
}

<div
  class="c0"
  data-testid="pageCV"
>
  <h1
    class="c1"
  >
    Dan Page
  </h1>
  <p>
    I am a Software Developer that loves building applications in JavaScript. I’m always thinking about coding, whether that is what I want to learn next or what I’m going to build next.
     
  </p>
  <ul
    class="c2"
  >
    <li
      class="c3"
    >
      <a
        class="c4"
        href="https://www.memrise.com/"
        target="_blank"
      >
        <img
          alt="memrise"
          class="c5"
          height="75px"
          src="memrise.png"
          width="auto"
        />
      </a>
      <div
        class="c6"
      >
        <h5
          class="c7"
        >
          Software Engineer
        </h5>
        <span
          class="c8"
        >
          July '20 - Present
        </span>
      </div>
      <div>
        <p>
          I have joined the Web team to help the web experience have feature parity with the native mobile experience.
        </p>
      </div>
      <ul
        class="c9"
      >
        <li
          class="c10"
        >
          react
        </li>
        <li
          class="c10"
        >
          typescript
        </li>
        <li
          class="c10"
        >
          styled components
        </li>
        <li
          class="c10"
        >
          jest
        </li>
        <li
          class="c10"
        >
          react-testing-library
        </li>
      </ul>
    </li>
    <li
      class="c3"
    >
      <a
        class="c4"
        href="https://deliveroo.co.uk"
        target="_blank"
      >
        <img
          alt="deliveroo"
          class="c5"
          height="75px"
          src="deliveroo.png"
          width="auto"
        />
      </a>
      <div
        class="c6"
      >
        <h5
          class="c7"
        >
          Software Engineer
        </h5>
        <span
          class="c8"
        >
          Jan '20 - July '20
        </span>
      </div>
      <div>
        <p>
          I joined the Consumer Pricing team as a Software Engineer, our team works on anything to do with costs to our customers. This involves doing pieces of work in a variety of Deliveroo products and quickly getting to grips with the nuances of each team's project.
        </p>
        <p>
          I've recently shipped a large project that allows our restaurant partners to set unique fees for different postcodes. I was the sole Front End Developer, and I was also involved in the ideation process, user-testing, managing the project prioritisation and workload within the team.
        </p>
        <p>
          Outside of my team's project work, I'm involved in: implementing Cypress as an end-to-end testing library, advocating for better testing strategies, regularly contributing to our multiple component libraries and design systems, and addressing tech debt where appropriate.
        </p>
      </div>
      <ul
        class="c9"
      >
        <li
          class="c10"
        >
          react
        </li>
        <li
          class="c10"
        >
          typescript
        </li>
        <li
          class="c10"
        >
          redux
        </li>
        <li
          class="c10"
        >
          jest
        </li>
        <li
          class="c10"
        >
          enzyme
        </li>
        <li
          class="c10"
        >
          css-modules
        </li>
        <li
          class="c10"
        >
          circle ci
        </li>
      </ul>
    </li>
    <li
      class="c3"
    >
      <a
        class="c4"
        href="https://cytora.com/"
        target="_blank"
      >
        <img
          alt="cytora"
          class="c5"
          height="75px"
          src="cytora.svg"
          width="auto"
        />
      </a>
      <div
        class="c6"
      >
        <h5
          class="c7"
        >
          Front End Engineer
        </h5>
        <span
          class="c8"
        >
          May '19 - Jan '20
        </span>
      </div>
      <div>
        <p>
          I was hired to Cytora as the first Front End Developer to build out UIs from scratch on top of the API platform. In addition, I created a reusable component library to be able to build future UIs quickly and consistently.
        </p>
        <p>
          I wrote and deployed Node cloud functions on Google Cloud Platform to abstract and aggregate API calls from the Front End. This empowered my team to release new features without relying on other teams to amend their microservices.
        </p>
      </div>
      <ul
        class="c9"
      >
        <li
          class="c10"
        >
          react
        </li>
        <li
          class="c10"
        >
          node
        </li>
        <li
          class="c10"
        >
          react-context
        </li>
        <li
          class="c10"
        >
          jest
        </li>
        <li
          class="c10"
        >
          react-testing-library
        </li>
        <li
          class="c10"
        >
          styled components
        </li>
        <li
          class="c10"
        >
          storybook
        </li>
        <li
          class="c10"
        >
          cypress
        </li>
        <li
          class="c10"
        >
          circle ci
        </li>
        <li
          class="c10"
        >
          concourse
        </li>
        <li
          class="c10"
        >
          gcp
        </li>
      </ul>
    </li>
    <li
      class="c3"
    >
      <a
        class="c4"
        href="https://www.joindrover.com/"
        target="_blank"
      >
        <img
          alt="drover"
          class="c5"
          height="75px"
          src="drover.svg"
          width="auto"
        />
      </a>
      <div
        class="c6"
      >
        <h5
          class="c7"
        >
          Front End Developer
        </h5>
        <span
          class="c8"
        >
          Sept '18 - May '19
        </span>
      </div>
      <div>
        <p>
          I joined Drover as a Junior Front End Developer and my first project was working solo on rebuilding Ruby on Rails pages into React. Whilst I was confident working in React, I quickly learnt how to work in a large codebase with lots of shared components (and minimal tests!).
        </p>
        <p>
          After 6 months I was promoted to a mid-level Developer position. I took advantage of working in a small team by suggesting and implementing improvements quickly. For example, I was the flag bearer for doing more integration and end-to-end testing for critical user flows.
        </p>
      </div>
      <ul
        class="c9"
      >
        <li
          class="c10"
        >
          react
        </li>
        <li
          class="c10"
        >
          redux
        </li>
        <li
          class="c10"
        >
          jest
        </li>
        <li
          class="c10"
        >
          enzyme
        </li>
        <li
          class="c10"
        >
          styled components
        </li>
        <li
          class="c10"
        >
          storybook
        </li>
        <li
          class="c10"
        >
          cypress
        </li>
        <li
          class="c10"
        >
          heroku
        </li>
        <li
          class="c10"
        >
          aws
        </li>
      </ul>
    </li>
    <li
      class="c3"
    >
      <a
        class="c4"
        href="https://clearscore.com/"
        target="_blank"
      >
        <img
          alt="clearscore"
          class="c5"
          height="75px"
          src="clearscore.png"
          width="auto"
        />
      </a>
      <div
        class="c6"
      >
        <h5
          class="c7"
        >
          Talent Acquisition
        </h5>
        <span
          class="c8"
        >
          May '17 - Sept '18
        </span>
      </div>
      <div>
        <p>
          I joined ClearScore as roughly employee #100 and, by the time I left, the company had grown to around 200 employees internationally.
        </p>
        <p>
          Beyond my day-to-day recruitment role, I created and ran a company-wide interview training programme that focused on bringing all interviewers on to the same page. This aimed to ensure the interview process was fair and unbiased, provided candidates with useful feedback and raised awareness around unconscious bias.
        </p>
        <p>
          I also made multiple contributions to the front-end production code base which varied from updating integrations on the careers page to bug fixes on the home page.
        </p>
      </div>
      <ul
        class="c9"
      >
        <li
          class="c10"
        >
          es6
        </li>
        <li
          class="c10"
        >
          handlebars
        </li>
        <li
          class="c10"
        >
          css
        </li>
        <li
          class="c10"
        >
          jenkins
        </li>
      </ul>
    </li>
  </ul>
  <div
    class="c11"
  >
    <span
      class="c12"
    >
      For further career history, check out my profile on: 
    </span>
    <a
      class="c13"
      href="https://www.linkedin.com/in/dan-page/"
      rel="noopener noreferrer"
      target="_blank"
    >
      <img
        alt="linkedin"
        class="c14"
        src="LI-Logo.png"
      />
    </a>
  </div>
</div>
`;
