// Jest Snapshot v1, https://goo.gl/fbAQLP

exports[`PageTracker component should render 1`] = `
.c0 {
  margin: 0;
  padding: 0 0 2rem;
}

.c1 {
  display: grid;
  grid-gap: 2rem;
}

@media (min-width:768px) {
  .c1 {
    grid-template-columns: 1fr 1fr;
    grid-gap: 2rem;
  }
}

<div>
  <h1
    class="c0"
  >
    Github Tracking
  </h1>
  <div
    class="c1"
  />
</div>
`;
