// Jest Snapshot v1, https://goo.gl/fbAQLP

exports[`Tracker component should render 1`] = `
.c0 {
  border: 1px solid black;
  border-radius: 5px;
  box-sizing: border-box;
  padding: 1rem 0;
  width: 100%;
}

.c1 {
  margin: 0;
  padding: 0.5rem 0 1rem;
  text-align: center;
}

.c2 {
  color: red;
}

<div
  class="c0"
>
  <h2
    class="c1"
  >
    Andy
    's Latest Commits
  </h2>
  <ul>
    <li>
      <p>
        Repo: 
        Gaming Page
      </p>
      <p>
        Commit:
         
        <a
          href="https://github.com/Gaming Page/commit/11111"
          rel="noopener noreferrer"
          target="_blank"
        >
          This is my commit message
        </a>
      </p>
      <p>
        Date:
         
        <span
          class="c2"
          color="red"
        >
          2nd July 2020 20:11
        </span>
      </p>
    </li>
  </ul>
</div>
`;
