// Jest Snapshot v1, https://goo.gl/fbAQLP

exports[`ProjectList component should render 1`] = `
.c3 {
  display: -webkit-box;
  display: -webkit-flex;
  display: -ms-flexbox;
  display: flex;
  -webkit-flex-wrap: wrap;
  -ms-flex-wrap: wrap;
  flex-wrap: wrap;
  list-style: none;
  margin: 0 0 1rem;
  padding: 0;
}

.c4 {
  background-color: #fbce63;
  border-radius: 5px;
  font-size: 12px;
  padding: 0.25rem 0.5rem;
  margin: 0 0 0.5rem 0.5rem;
}

.c0 {
  border-top: 1px solid #f3f3f3;
  padding: 2rem 0;
}

.c1 {
  margin: 0 0 1rem;
}

.c2 {
  margin: 0 0 1rem;
}

.c5 {
  margin: 0 0 2rem;
}

.c6 {
  color: blue;
}

<div
  class="c0"
  id="projects"
>
  <h2
    class="c1"
  >
    Projects
  </h2>
  <p
    class="c2"
  >
    Here are some of my recent side projects that I work on in my free time. None of them are a "finished product" but I have learnt a lot from working on each one. In terms of tech, here is a list of my common tech stack and then I add technologies as and when I am trying to learn them.
  </p>
  <ul
    class="c3"
  >
    <li
      class="c4"
    >
      react
    </li>
    <li
      class="c4"
    >
      node
    </li>
    <li
      class="c4"
    >
      jest
    </li>
    <li
      class="c4"
    >
      react-testing-library
    </li>
    <li
      class="c4"
    >
      styled components
    </li>
    <li
      class="c4"
    >
      storybook
    </li>
    <li
      class="c4"
    >
      firebase
    </li>
    <li
      class="c4"
    >
      typescript
    </li>
  </ul>
  <p
    class="c5"
  >
    If you would like to see the codebase for this website, perhaps to look at the data visualisation code above, then you can
     
    <a
      class="c6"
      href="https://github.com/D-Pagey/pagey.dev"
      rel="noopener noreferrer"
      target="_blank"
    >
      view it on Github
    </a>
    .
  </p>
</div>
`;
