// Jest Snapshot v1, https://goo.gl/fbAQLP

exports[`ScatterPlot component should render 1`] = `
.c0 {
  max-width: 500px;
}

<div>
  <svg
    class="c0"
    viewBox="0 0 500 400"
  >
    <line
      stroke="grey"
      stroke-width="1"
      x1="50"
      x2="50"
      y1="365"
      y2="35"
    />
    <text
      text-anchor="end"
      x="45"
      y="40"
    >
      100
    </text>
    <text
      transform="rotate(270) translate(-225, -180)"
      x="0"
      y="200"
    >
      yAxisLabel
    </text>
    <text
      text-anchor="end"
      x="45"
      y="370"
    >
      0
    </text>
    <text
      x="250"
      y="398"
    >
      xAxisLabel
    </text>
    <line
      stroke="grey"
      stroke-width="1"
      x1="50"
      x2="450"
      y1="365"
      y2="365"
    />
    <g>
      <circle
        cx="370"
        cy="325.4"
        data-testid="scatterPlotPoint0"
        fill="green"
        r="7"
      />
    </g>
    <g>
      <circle
        cx="130"
        cy="101"
        data-testid="scatterPlotPoint1"
        fill="green"
        r="7"
      />
    </g>
    <g>
      <circle
        cx="90"
        cy="51.5"
        data-testid="scatterPlotPoint2"
        fill="green"
        r="7"
      />
    </g>
    <g>
      <circle
        cx="250"
        cy="200"
        data-testid="scatterPlotPoint3"
        fill="green"
        r="7"
      />
    </g>
    <g>
      <circle
        cx="290"
        cy="216.5"
        data-testid="scatterPlotPoint4"
        fill="green"
        r="7"
      />
    </g>
    <g>
      <circle
        cx="330"
        cy="315.5"
        data-testid="scatterPlotPoint5"
        fill="green"
        r="7"
      />
    </g>
    <g>
      <circle
        cx="170"
        cy="74.60000000000002"
        data-testid="scatterPlotPoint6"
        fill="green"
        r="7"
      />
    </g>
    <g>
      <circle
        cx="210"
        cy="143.89999999999998"
        data-testid="scatterPlotPoint7"
        fill="green"
        r="7"
      />
    </g>
    <g>
      <circle
        cx="450"
        cy="173.60000000000002"
        data-testid="scatterPlotPoint8"
        fill="green"
        r="7"
      />
    </g>
  </svg>
</div>
`;
