// Jest Snapshot v1, https://goo.gl/fbAQLP

exports[`ScatterPlot component should render 1`] = `
.c0 {
  max-width: 500px;
}

<div>
  <svg
    class="c0"
    viewBox="0 0 500 400"
  >
    <line
      stroke="grey"
      stroke-width="1"
      x1="50"
      x2="50"
      y1="365"
      y2="35"
    />
    <text
      text-anchor="end"
      x="45"
      y="40"
    >
      95
    </text>
    <text
      transform="rotate(270) translate(-225, -180)"
      x="0"
      y="200"
    >
      yAxisLabel
    </text>
    <text
      text-anchor="end"
      x="45"
      y="370"
    >
      12
    </text>
    <text
      x="250"
      y="398"
    >
      xAxisLabel
    </text>
    <line
      stroke="grey"
      stroke-width="1"
      x1="50"
      x2="480"
      y1="365"
      y2="365"
    />
    <g>
      <circle
        cx="450"
        cy="365"
        fill="green"
        r="7"
      />
    </g>
    <g>
      <circle
        cx="107.14285714285714"
        cy="94.63855421686748"
        fill="green"
        r="7"
      />
    </g>
    <g>
      <circle
        cx="50"
        cy="35"
        fill="green"
        r="7"
      />
    </g>
    <g>
      <circle
        cx="278.57142857142856"
        cy="213.91566265060243"
        fill="green"
        r="7"
      />
    </g>
    <g>
      <circle
        cx="335.7142857142857"
        cy="233.79518072289156"
        fill="green"
        r="7"
      />
    </g>
    <g>
      <circle
        cx="392.85714285714283"
        cy="353.0722891566265"
        fill="green"
        r="7"
      />
    </g>
    <g>
      <circle
        cx="164.28571428571428"
        cy="62.831325301204856"
        fill="green"
        r="7"
      />
    </g>
    <g>
      <circle
        cx="221.42857142857142"
        cy="146.32530120481928"
        fill="green"
        r="7"
      />
    </g>
  </svg>
</div>
`;
